2025-11-28 15:32:27,605 - INFO - Use pytorch device_name: cuda:0
2025-11-28 15:32:27,605 - INFO - Load pretrained SentenceTransformer: ai-forever/sbert_large_mt_nlu_ru
2025-11-28 15:32:30,550 - INFO - Модель ai-forever/sbert_large_mt_nlu_ru успешно загружена
2025-11-28 15:32:30,550 - INFO - Начало загрузки данных из CSV
2025-11-28 15:32:37,757 - INFO - Данные успешно загружены: 36,281 строк
2025-11-28 15:32:37,757 - INFO - Начало обработки категорий
2025-11-28 15:32:45,570 - INFO - Формирование финальной онтологии
2025-11-28 15:32:48,763 - INFO - Сформировано 86 категорий в онтологии
2025-11-28 15:32:48,765 - INFO - Результаты сохранены в файл: result/28_11_bert12.json
2025-11-28 15:32:48,765 - INFO - Примеры обработанных категорий:
2025-11-28 15:32:48,765 - INFO - Категория 'Телевизоры': 9 характеристик
2025-11-28 15:32:48,765 - INFO - Категория 'Микрофоны музыкальные': 12 характеристик
2025-11-28 15:32:48,765 - INFO - Категория 'Наушники': 10 характеристик
2025-11-28 15:32:55,641 - INFO - Use pytorch device_name: cuda:0
2025-11-28 15:32:55,641 - INFO - Load pretrained SentenceTransformer: ai-forever/sbert_large_mt_nlu_ru
2025-11-28 15:32:58,420 - INFO - Модель ai-forever/sbert_large_mt_nlu_ru успешно загружена
2025-11-28 15:32:58,420 - INFO - Начало загрузки данных из CSV
2025-11-28 15:33:05,454 - INFO - Данные успешно загружены: 36,281 строк
2025-11-28 15:33:05,454 - INFO - Начало обработки категорий
2025-11-28 15:33:13,286 - INFO - Формирование финальной онтологии
2025-11-28 15:33:16,498 - INFO - Сформировано 86 категорий в онтологии
2025-11-28 15:33:16,500 - INFO - Результаты сохранены в файл: result/28_11_bert12.json
2025-11-28 15:33:16,500 - INFO - Примеры обработанных категорий:
2025-11-28 15:33:16,500 - INFO - Категория 'Телевизоры': 9 характеристик
2025-11-28 15:33:16,500 - INFO - Категория 'Микрофоны музыкальные': 12 характеристик
2025-11-28 15:33:16,500 - INFO - Категория 'Наушники': 10 характеристик
